** Message: 12:56:29.913: Connecting to org.freedesktop.Tracker3.Miner.Files

(org.gnome.Nautilus:4059): Gtk-WARNING **: 12:56:31.712: Unable to acquire the address of the accessibility bus: GDBus.Error:org.freedesktop.DBus.Error.ServiceUnknown: The name org.a11y.Bus was not provided by any .service files. If you are attempting to run GTK without a11y support, GTK_A11Y should be set to 'none'.

** (org.gnome.Nautilus:4059): WARNING **: 12:56:32.546: Unable to get contents of the bookmarks file: Error opening file /home/runner/.gtk-bookmarks: No such file or directory

** (org.gnome.Nautilus:4059): WARNING **: 12:56:32.546: Unable to get contents of the bookmarks file: Error opening file /home/runner/.gtk-bookmarks: No such file or directory

(org.gnome.Nautilus:4059): GLib-GIO-CRITICAL **: 12:56:33.377: g_app_info_get_commandline: assertion 'G_IS_APP_INFO (appinfo)' failed

(org.gnome.Nautilus:4059): GLib-CRITICAL **: 12:56:33.377: g_str_match_string: assertion 'potential_hit != NULL' failed

(org.gnome.Nautilus:4059): GLib-GIO-CRITICAL **: 12:56:33.392: g_app_info_get_commandline: assertion 'G_IS_APP_INFO (appinfo)' failed

(org.gnome.Nautilus:4059): GLib-CRITICAL **: 12:56:33.392: g_str_match_string: assertion 'potential_hit != NULL' failed

(org.gnome.Nautilus:4059): GLib-GIO-CRITICAL **: 12:56:33.392: g_app_info_get_commandline: assertion 'G_IS_APP_INFO (appinfo)' failed

(org.gnome.Nautilus:4059): GLib-CRITICAL **: 12:56:33.392: g_str_match_string: assertion 'potential_hit != NULL' failed

(org.gnome.Nautilus:4059): GLib-GIO-CRITICAL **: 12:56:33.516: g_app_info_get_commandline: assertion 'G_IS_APP_INFO (appinfo)' failed

(org.gnome.Nautilus:4059): GLib-CRITICAL **: 12:56:33.516: g_str_match_string: assertion 'potential_hit != NULL' failed

(org.gnome.Nautilus:4059): GLib-GIO-CRITICAL **: 12:56:33.516: g_app_info_get_commandline: assertion 'G_IS_APP_INFO (appinfo)' failed

(org.gnome.Nautilus:4059): GLib-CRITICAL **: 12:56:33.516: g_str_match_string: assertion 'potential_hit != NULL' failed

(org.gnome.Nautilus:4059): GLib-GIO-CRITICAL **: 12:56:33.517: g_app_info_get_commandline: assertion 'G_IS_APP_INFO (appinfo)' failed

(org.gnome.Nautilus:4059): GLib-CRITICAL **: 12:56:33.517: g_str_match_string: assertion 'potential_hit != NULL' failed

(org.gnome.Nautilus:4059): GLib-GIO-CRITICAL **: 12:56:39.934: g_app_info_get_commandline: assertion 'G_IS_APP_INFO (appinfo)' failed

(org.gnome.Nautilus:4059): GLib-CRITICAL **: 12:56:39.934: g_str_match_string: assertion 'potential_hit != NULL' failed

(org.gnome.Nautilus:4059): GLib-GIO-CRITICAL **: 12:56:41.077: g_app_info_get_commandline: assertion 'G_IS_APP_INFO (appinfo)' failed

(org.gnome.Nautilus:4059): GLib-CRITICAL **: 12:56:41.077: g_str_match_string: assertion 'potential_hit != NULL' failed

(org.gnome.Nautilus:4059): GLib-GIO-CRITICAL **: 12:56:41.078: g_app_info_get_commandline: assertion 'G_IS_APP_INFO (appinfo)' failed

(org.gnome.Nautilus:4059): GLib-CRITICAL **: 12:56:41.078: g_str_match_string: assertion 'potential_hit != NULL' failed

(org.gnome.Nautilus:4059): GLib-GIO-CRITICAL **: 12:56:41.889: g_app_info_get_commandline: assertion 'G_IS_APP_INFO (appinfo)' failed

(org.gnome.Nautilus:4059): GLib-CRITICAL **: 12:56:41.889: g_str_match_string: assertion 'potential_hit != NULL' failed
