total 9744
drwxr-xr-x  27 runner  staff     864 Sep 21 19:04 .
drwxr-xr-x  13 runner  staff     416 Sep 21 18:56 ..
-rw-r--r--   1 runner  staff       0 Sep 21 18:56 appearance.log
-rw-r--r--   1 runner  staff     126 Sep 21 19:04 bounds.txt
-rw-r--r--   1 runner  staff     212 Sep 21 19:04 browser.log
-rw-r--r--   1 runner  staff     275 Sep 21 18:57 columns.log
-rw-r--r--@  1 runner  staff  244241 Sep 21 19:04 debug-desktop-full.png
-rw-r--r--@  1 runner  staff  605523 Sep 21 19:04 debug-safari-customize.png
-rw-r--r--@  1 runner  staff  605759 Sep 21 19:04 debug-safari-customized.png
-rw-r--r--@  1 runner  staff  509255 Sep 21 19:04 debug-safari.png
-rw-r--r--@  1 runner  staff  502885 Sep 21 19:00 debug-textedit-code.png
-rw-r--r--@  1 runner  staff  494921 Sep 21 18:57 debug-textedit-text.png
-rw-r--r--   1 runner  staff     154 Sep 21 19:02 editors.log
-rw-r--r--   1 runner  staff       4 Sep 21 18:57 finder.log
-rw-r--r--   1 runner  staff      75 Sep 21 18:56 hidpi.log
-rw-r--r--@  1 runner  staff  281081 Sep 21 19:04 macos-light@2x-browser.png
-rw-r--r--@  1 runner  staff  265390 Sep 21 19:00 macos-light@2x-code.png
-rw-r--r--@  1 runner  staff  254921 Sep 21 18:57 macos-light@2x-columns.png
-rw-r--r--@  1 runner  staff  155678 Sep 21 19:04 macos-light@2x-desktop.png
-rw-r--r--@  1 runner  staff  183944 Sep 21 18:57 macos-light@2x-gallery.png
-rw-r--r--@  1 runner  staff  260609 Sep 21 18:57 macos-light@2x-icons.png
-rw-r--r--@  1 runner  staff  253994 Sep 21 18:57 macos-light@2x-text.png
-rw-r--r--@  1 runner  staff  313284 Sep 21 18:57 macos-light@2x.png
-rw-r--r--   1 runner  staff       0 Sep 21 18:57 screencapture.log
-rw-r--r--   1 runner  staff    1726 Sep 21 18:57 toolbar.log
-rw-r--r--   1 runner  staff      65 Sep 21 18:56 versions.txt
-rw-r--r--   1 runner  staff       0 Sep 21 18:56 wallpaper.log
