** Message: 13:26:56.435: Connecting to org.freedesktop.Tracker3.Miner.Files

(org.gnome.Nautilus:4071): Gtk-WARNING **: 13:26:56.528: Unable to acquire the address of the accessibility bus: GDBus.Error:org.freedesktop.DBus.Error.ServiceUnknown: The name org.a11y.Bus was not provided by any .service files. If you are attempting to run GTK without a11y support, GTK_A11Y should be set to 'none'.

** (org.gnome.Nautilus:4071): WARNING **: 13:26:56.677: Unable to get contents of the bookmarks file: Error opening file /home/runner/.gtk-bookmarks: No such file or directory

** (org.gnome.Nautilus:4071): WARNING **: 13:26:56.678: Unable to get contents of the bookmarks file: Error opening file /home/runner/.gtk-bookmarks: No such file or directory

(org.gnome.Nautilus:4071): GLib-GIO-CRITICAL **: 13:26:56.761: g_app_info_get_commandline: assertion 'G_IS_APP_INFO (appinfo)' failed

(org.gnome.Nautilus:4071): GLib-CRITICAL **: 13:26:56.761: g_str_match_string: assertion 'potential_hit != NULL' failed

(org.gnome.Nautilus:4071): GLib-GIO-CRITICAL **: 13:26:56.761: g_app_info_get_commandline: assertion 'G_IS_APP_INFO (appinfo)' failed

(org.gnome.Nautilus:4071): GLib-CRITICAL **: 13:26:56.761: g_str_match_string: assertion 'potential_hit != NULL' failed

(org.gnome.Nautilus:4071): GLib-GIO-CRITICAL **: 13:26:56.857: g_app_info_get_commandline: assertion 'G_IS_APP_INFO (appinfo)' failed

(org.gnome.Nautilus:4071): GLib-CRITICAL **: 13:26:56.857: g_str_match_string: assertion 'potential_hit != NULL' failed

(org.gnome.Nautilus:4071): GLib-GIO-CRITICAL **: 13:26:56.884: g_app_info_get_commandline: assertion 'G_IS_APP_INFO (appinfo)' failed

(org.gnome.Nautilus:4071): GLib-CRITICAL **: 13:26:56.884: g_str_match_string: assertion 'potential_hit != NULL' failed

(org.gnome.Nautilus:4071): GLib-GIO-CRITICAL **: 13:26:56.884: g_app_info_get_commandline: assertion 'G_IS_APP_INFO (appinfo)' failed

(org.gnome.Nautilus:4071): GLib-CRITICAL **: 13:26:56.884: g_str_match_string: assertion 'potential_hit != NULL' failed

(org.gnome.Nautilus:4071): GLib-GIO-CRITICAL **: 13:26:56.995: g_app_info_get_commandline: assertion 'G_IS_APP_INFO (appinfo)' failed

(org.gnome.Nautilus:4071): GLib-CRITICAL **: 13:26:56.995: g_str_match_string: assertion 'potential_hit != NULL' failed

(org.gnome.Nautilus:4071): GLib-GIO-CRITICAL **: 13:27:06.625: g_app_info_get_commandline: assertion 'G_IS_APP_INFO (appinfo)' failed

(org.gnome.Nautilus:4071): GLib-CRITICAL **: 13:27:06.625: g_str_match_string: assertion 'potential_hit != NULL' failed

(org.gnome.Nautilus:4071): GLib-GIO-CRITICAL **: 13:27:07.741: g_app_info_get_commandline: assertion 'G_IS_APP_INFO (appinfo)' failed

(org.gnome.Nautilus:4071): GLib-CRITICAL **: 13:27:07.741: g_str_match_string: assertion 'potential_hit != NULL' failed

(org.gnome.Nautilus:4071): GVFS-RemoteVolumeMonitor-WARNING **: 13:27:12.327: Owner of volume monitor org.gtk.vfs.UDisks2VolumeMonitor disconnected from the bus; removing drives/volumes/mounts
