View -> invoke
Show -> expand
top-level: '' class=Shell_TrayWnd
top-level: 'Your site - File Explorer' class=CabinetWClass
top-level: 'C:\ProgramData\GitHub\HostedComputeAgent\hosted-compute-agent' class=CASCADIA_HOSTING_WINDOW_CLASS
top-level: 'Program Manager' class=Progman
  [ControlType.Pane] Your site
  [ControlType.StatusBar] Status bar
  [ControlType.Group] Property Field
  [ControlType.Text] 5 items
  [ControlType.Group] View Modes
  [ControlType.RadioButton] Details
  [ControlType.RadioButton] Large Icons
  [ControlType.Pane] Control Host
  [ControlType.Pane] Navigation Pane
  [ControlType.Pane] Shell Folder View
  [ControlType.List] Items View
  [ControlType.Pane] Horizontal
  [ControlType.Header] Header
  [ControlType.SplitButton] Name
  [ControlType.Button] Filter dropdown
  [ControlType.SplitButton] Date modified
  [ControlType.Button] Filter dropdown
  [ControlType.SplitButton] Type
  [ControlType.Button] Filter dropdown
  [ControlType.SplitButton] Size
  [ControlType.Button] Filter dropdown
  [ControlType.ListItem] Fruits
  [ControlType.Edit] Name
  [ControlType.Edit] Date modified
  [ControlType.Edit] Type
  [ControlType.Edit] Size
  [ControlType.ListItem] Pages
  [ControlType.Edit] Name
  [ControlType.Edit] Date modified
  [ControlType.Edit] Type
  [ControlType.Edit] Size
  [ControlType.ListItem] Posts
  [ControlType.Edit] Name
  [ControlType.Edit] Date modified
  [ControlType.Edit] Type
  [ControlType.Edit] Size
  [ControlType.ListItem] index
  [ControlType.Edit] Name
  [ControlType.Edit] Date modified
  [ControlType.Edit] Type
  [ControlType.Edit] Size
  [ControlType.ListItem] Introduction.docx
  [ControlType.Edit] Name
  [ControlType.Edit] Date modified
  [ControlType.Edit] Type
  [ControlType.Edit] Size
  [ControlType.TabItem] Your site
  [ControlType.Text] Your site
  [ControlType.Button] Close Tab
  [ControlType.Button] Add New Tab
  [ControlType.Button] Back
  [ControlType.Button] Forward
  [ControlType.Button] Up to "Documents" (Alt + Up Arrow)
  [ControlType.Button] Refresh "Your site" (F5)
  [ControlType.Edit] Address Bar
  [ControlType.SplitButton] This PC
  [ControlType.SplitButton] More
  [ControlType.SplitButton] This PC
  [ControlType.Text] This PC
  [ControlType.SplitButton] Windows (C:)
  [ControlType.Text] Windows (C:)
  [ControlType.SplitButton] Users
  [ControlType.Text] Users
  [ControlType.SplitButton] runneradmin
  [ControlType.Text] runneradmin
  [ControlType.SplitButton] Documents
  [ControlType.Text] Documents
  [ControlType.SplitButton] Your site
  [ControlType.Text] Your site
  [ControlType.Edit]  Search Your site
  [ControlType.Text]  Search Your site
  [ControlType.Button] New
  [ControlType.Button] Cut
  [ControlType.Button] Copy
  [ControlType.Button] Paste
  [ControlType.Button] Rename
  [ControlType.Button] Share
  [ControlType.Button] Delete
  [ControlType.Button] Sort
  [ControlType.Button] View
  [ControlType.Button] More options
  [ControlType.Button] Details
sent n
