** Message: 20:53:46.977: Connecting to org.freedesktop.Tracker3.Miner.Files
libEGL warning: DRI3 error: Could not get DRI3 device
libEGL warning: Ensure your X server supports DRI3 to get accelerated rendering

(org.gnome.Nautilus:6595): Gtk-WARNING **: 20:53:47.102: Unable to acquire the address of the accessibility bus: GDBus.Error:org.freedesktop.DBus.Error.ServiceUnknown: The name org.a11y.Bus was not provided by any .service files. If you are attempting to run GTK without a11y support, GTK_A11Y should be set to 'none'.

** (org.gnome.Nautilus:6595): WARNING **: 20:53:47.290: Unable to get contents of the bookmarks file: Error opening file /home/runner/.gtk-bookmarks: No such file or directory

** (org.gnome.Nautilus:6595): WARNING **: 20:53:47.291: Unable to get contents of the bookmarks file: Error opening file /home/runner/.gtk-bookmarks: No such file or directory

(org.gnome.Nautilus:6595): GLib-GIO-CRITICAL **: 20:53:47.444: g_app_info_get_commandline: assertion 'G_IS_APP_INFO (appinfo)' failed

(org.gnome.Nautilus:6595): GLib-CRITICAL **: 20:53:47.444: g_str_match_string: assertion 'potential_hit != NULL' failed

(org.gnome.Nautilus:6595): GLib-GIO-CRITICAL **: 20:53:47.445: g_app_info_get_commandline: assertion 'G_IS_APP_INFO (appinfo)' failed

(org.gnome.Nautilus:6595): GLib-CRITICAL **: 20:53:47.445: g_str_match_string: assertion 'potential_hit != NULL' failed

(org.gnome.Nautilus:6595): GLib-GIO-CRITICAL **: 20:53:47.499: g_app_info_get_commandline: assertion 'G_IS_APP_INFO (appinfo)' failed

(org.gnome.Nautilus:6595): GLib-CRITICAL **: 20:53:47.499: g_str_match_string: assertion 'potential_hit != NULL' failed

(org.gnome.Nautilus:6595): GLib-GIO-CRITICAL **: 20:53:47.592: g_app_info_get_commandline: assertion 'G_IS_APP_INFO (appinfo)' failed

(org.gnome.Nautilus:6595): GLib-CRITICAL **: 20:53:47.592: g_str_match_string: assertion 'potential_hit != NULL' failed

(org.gnome.Nautilus:6595): GLib-GIO-CRITICAL **: 20:53:47.592: g_app_info_get_commandline: assertion 'G_IS_APP_INFO (appinfo)' failed

(org.gnome.Nautilus:6595): GLib-CRITICAL **: 20:53:47.592: g_str_match_string: assertion 'potential_hit != NULL' failed

(org.gnome.Nautilus:6595): GLib-GIO-CRITICAL **: 20:53:47.693: g_app_info_get_commandline: assertion 'G_IS_APP_INFO (appinfo)' failed

(org.gnome.Nautilus:6595): GLib-CRITICAL **: 20:53:47.693: g_str_match_string: assertion 'potential_hit != NULL' failed

(org.gnome.Nautilus:6595): GLib-GIO-CRITICAL **: 20:53:57.625: g_app_info_get_commandline: assertion 'G_IS_APP_INFO (appinfo)' failed

(org.gnome.Nautilus:6595): GLib-CRITICAL **: 20:53:57.625: g_str_match_string: assertion 'potential_hit != NULL' failed

(org.gnome.Nautilus:6595): GLib-GIO-CRITICAL **: 20:53:57.625: g_app_info_get_commandline: assertion 'G_IS_APP_INFO (appinfo)' failed

(org.gnome.Nautilus:6595): GLib-CRITICAL **: 20:53:57.625: g_str_match_string: assertion 'potential_hit != NULL' failed
