== stage before: nautilus
  543 |  | 2560x2400+0+0
  2097439 | Openbox | 1x1+-100+-100
== stage before: nautilus
  543 |  | 2560x2400+0+0
  2097439 | Openbox | 1x1+-100+-100
== stage before: nautilus
  543 |  | 2560x2400+0+0
  2097439 | Openbox | 1x1+-100+-100
== stage before: editor text
  543 |  | 2560x2400+0+0
  2097439 | Openbox | 1x1+-100+-100
== stage before: editor code
  543 |  | 2560x2400+0+0
  2097439 | Openbox | 1x1+-100+-100
== stage before: browser
  543 |  | 2560x2400+0+0
  2097439 | Openbox | 1x1+-100+-100
== stage before: before the desktop icons
  543 |  | 2560x2400+0+0
  2097439 | Openbox | 1x1+-100+-100
