== before
display 1:
  800x600 points, 800x600 pixels, 60 Hz
  960x540 points, 960x540 pixels, 60 Hz
  1024x576 points, 1024x576 pixels, 60 Hz
  1024x768 points, 1024x768 pixels, 60 Hz
  1280x720 points, 1280x720 pixels, 60 Hz
  1280x960 points, 1280x960 pixels, 60 Hz
  1344x756 points, 1344x756 pixels, 60 Hz
  1344x1008 points, 1344x1008 pixels, 60 Hz
  1600x900 points, 1600x900 pixels, 60 Hz
  1600x1200 points, 1600x1200 pixels, 60 Hz
  1920x1080 points, 1920x1080 pixels, 60 Hz
  640x480 points, 640x480 pixels, 60 Hz
classes: 1 1 1 1
virtual display 2 created, settings applied: 1
arrange: 0
== after
display 2:
  800x600 points, 1600x1200 pixels, 60 Hz  <-- HiDPI
  800x600 points, 800x600 pixels, 60 Hz
  1024x768 points, 2048x1536 pixels, 60 Hz  <-- HiDPI
  1024x768 points, 1024x768 pixels, 60 Hz
  1280x960 points, 1280x960 pixels, 60 Hz
  1344x1008 points, 1344x1008 pixels, 60 Hz
  1600x1200 points, 1600x1200 pixels, 60 Hz
  2048x1536 points, 2048x1536 pixels, 60 Hz
  400x300 points, 800x600 pixels, 60 Hz  <-- HiDPI
  512x384 points, 1024x768 pixels, 60 Hz  <-- HiDPI
  512x384 points, 1024x768 pixels, 60 Hz  <-- HiDPI
  640x480 points, 1280x960 pixels, 60 Hz  <-- HiDPI
  640x480 points, 640x480 pixels, 60 Hz
  672x504 points, 1344x1008 pixels, 60 Hz  <-- HiDPI
  1024x768 points, 1024x768 pixels, 60 Hz
display 1:
  800x600 points, 800x600 pixels, 60 Hz
  960x540 points, 960x540 pixels, 60 Hz
  1024x576 points, 1024x576 pixels, 60 Hz
  1024x768 points, 1024x768 pixels, 60 Hz
  1280x720 points, 1280x720 pixels, 60 Hz
  1280x960 points, 1280x960 pixels, 60 Hz
  1344x756 points, 1344x756 pixels, 60 Hz
  1344x1008 points, 1344x1008 pixels, 60 Hz
  1600x900 points, 1600x900 pixels, 60 Hz
  1600x1200 points, 1600x1200 pixels, 60 Hz
  1920x1080 points, 1920x1080 pixels, 60 Hz
  640x480 points, 640x480 pixels, 60 Hz
100, 100, 700, 560
out/virtual-full.png:   pixelWidth: 2048   pixelHeight: 1536 
out/virtual-region.png:   pixelWidth: 2048   pixelHeight: 1536 
